******************************************************************************
                  TI ARM Linker PC v20.2.5                     
******************************************************************************
>> Linked Sat Dec  4 23:07:48 2021

OUTPUT FILE NAME:   <blinkled_msp432p401r_MSP_EXP432P401R_nortos_ccs.out>
ENTRY POINT SYMBOL: "_c_int00_noargs"  address: 0000126d


MEMORY CONFIGURATION

         name            origin    length      used     unused   attr    fill
----------------------  --------  ---------  --------  --------  ----  --------
  MAIN                  00000000   00040000  0000165e  0003e9a2  R  X
  INFO                  00200000   00004000  00000000  00004000  R  X
  SRAM_CODE             01000000   00010000  0000029c  0000fd64  RW X
  SRAM_DATA             20000000   00010000  0000029c  0000fd64  RW  


SEGMENT ALLOCATION MAP

run origin  load origin   length   init length attrs members
----------  ----------- ---------- ----------- ----- -------
00000000    00000000    00001660   00001660    r-x
  00000000    00000000    000000e4   000000e4    r-- .intvecs
  000000e4    000000e4    00001452   00001452    r-x .text
  00001538    00001538    000000b0   000000b0    r-- .const
  000015e8    000015e8    00000078   00000078    r-- .cinit
20000000    20000000    0000009c   00000000    rw-
  20000000    20000000    00000098   00000000    rw- .data
  20000098    20000098    00000004   00000000    rw- .bss
2000fe00    2000fe00    00000200   00000000    rw-
  2000fe00    2000fe00    00000200   00000000    rw- .stack


SECTION ALLOCATION MAP

 output                                  attributes/
section   page    origin      length       input sections
--------  ----  ----------  ----------   ----------------
.intvecs   0    00000000    000000e4     
                  00000000    000000e4     startup_msp432p401r_ccs.obj (.intvecs:retain)

.text      0    000000e4    00001452     
                  000000e4    000002c0     main.obj (.text:main)
                  000003a4    0000027c     main.obj (.text:TA1_0_IRQHandler)
                  00000620    00000144     msp432p4xx_driverlib.lib : timer_a.o (.text:privateTimer_AProcessClockSourceDivider)
                  00000764    0000011c                              : uart.o (.text:UART_initModule)
                  00000880    000000fc     rtsv7M4_T_le_v4SPD16_eabi.lib : fd_mul_t2.asm.obj (.text)
                  0000097c    000000f8     main.obj (.text:PORT1_IRQHandler)
                  00000a74    000000b0     main.obj (.text:EUSCIA0_IRQHandler)
                  00000b24    0000009c     rtsv7M4_T_le_v4SPD16_eabi.lib : memcpy_t2.asm.obj (.text)
                  00000bc0    0000008c     main.obj (.text:setCarDirection)
                  00000c4c    00000088     msp432p4xx_driverlib.lib : gpio.o (.text:GPIO_setAsPeripheralModuleFunctionInputPin)
                  00000cd4    00000088                              : gpio.o (.text:GPIO_setAsPeripheralModuleFunctionOutputPin)
                  00000d5c    00000086     rtsv7M4_T_le_v4SPD16_eabi.lib : fd_cmp_t2.asm.obj (.text:__aeabi_cdrcmple)
                  00000de2    00000002     startup_msp432p401r_ccs.obj (.text:Default_Handler)
                  00000de4    00000084     main.obj (.text:setCarSpeed)
                  00000e68    00000080     msp432p4xx_driverlib.lib : interrupt.o (.text:Interrupt_enableInterrupt)
                  00000ee8    00000078     system_msp432p401r.obj (.text:SystemInit)
                  00000f60    00000074     msp432p4xx_driverlib.lib : timer_a.o (.text:Timer_A_generatePWM)
                  00000fd4    0000006e     rtsv7M4_T_le_v4SPD16_eabi.lib : fd_tos_t2.asm.obj (.text)
                  00001042    00000002     --HOLE-- [fill = 0]
                  00001044    00000068     msp432p4xx_driverlib.lib : timer_a.o (.text:Timer_A_configureUpMode)
                  000010ac    00000068     rtsv7M4_T_le_v4SPD16_eabi.lib : copy_decompress_lzss.c.obj (.text:decompress:lzss:__TI_decompress_lzss)
                  00001114    00000044                                   : autoinit.c.obj (.text:__TI_auto_init_nobinit_nopinit:__TI_auto_init_nobinit_nopinit)
                  00001158    00000040     msp432p4xx_driverlib.lib : gpio.o (.text:GPIO_setAsOutputPin)
                  00001198    00000038     rtsv7M4_T_le_v4SPD16_eabi.lib : fs_tod_t2.asm.obj (.text)
                  000011d0    00000034     msp432p4xx_driverlib.lib : cs.o (.text:CS_setDCOCenteredFrequency)
                  00001204    00000034     main.obj (.text:PORT3_IRQHandler)
                  00001238    00000034     msp432p4xx_driverlib.lib : uart.o (.text:UART_transmitData)
                  0000126c    00000034     rtsv7M4_T_le_v4SPD16_eabi.lib : boot_cortex_m.c.obj (.text:_c_int00_noargs:_c_int00_noargs)
                  000012a0    00000030     msp432p4xx_driverlib.lib : uart.o (.text:UART_enableInterrupt)
                  000012d0    00000030                              : uart.o (.text:UART_receiveData)
                  00001300    0000002c                              : timer_a.o (.text:Timer_A_clearCaptureCompareInterrupt)
                  0000132c    00000028                              : gpio.o (.text:GPIO_clearInterruptFlag)
                  00001354    00000028                              : gpio.o (.text:GPIO_setOutputHighOnPin)
                  0000137c    00000028                              : gpio.o (.text:GPIO_setOutputLowOnPin)
                  000013a4    00000028                              : gpio.o (.text:GPIO_toggleOutputOnPin)
                  000013cc    00000024                              : gpio.o (.text:GPIO_getInterruptStatus)
                  000013f0    00000024     main.obj (.text:motorLeftForward)
                  00001414    00000024     main.obj (.text:motorLeftStop)
                  00001438    00000024     main.obj (.text:motorRightForward)
                  0000145c    00000024     main.obj (.text:motorRightStop)
                  00001480    0000001c     rtsv7M4_T_le_v4SPD16_eabi.lib : copy_zero_init.c.obj (.text:decompress:ZI:__TI_zero_init_nomemset:__TI_zero_init_nomemset)
                  0000149c    00000016     msp432p4xx_driverlib.lib : timer_a.o (.text:Timer_A_startCounter)
                  000014b2    00000016                              : uart.o (.text:UART_enableModule)
                  000014c8    00000010                              : interrupt.o (.text:Interrupt_enableMaster)
                  000014d8    0000000e     rtsv7M4_T_le_v4SPD16_eabi.lib : copy_decompress_none.c.obj (.text:decompress:none:__TI_decompress_none)
                  000014e6    0000000c     main.obj (.text:BothMotorForward)
                  000014f2    0000000c     msp432p4xx_driverlib.lib : cpu.o (.text:CPU_cpsie)
                  000014fe    0000000c     startup_msp432p401r_ccs.obj (.text:Reset_Handler)
                  0000150a    0000000c     main.obj (.text:bothMotorStop)
                  00001516    0000000c     main.obj (.text:motorTurnLeft)
                  00001522    0000000c     main.obj (.text:motorTurnRight)
                  0000152e    00000004     rtsv7M4_T_le_v4SPD16_eabi.lib : pre_init.c.obj (.text:_system_pre_init)
                  00001532    00000004                                   : exit.c.obj (.text:abort:abort)

.const     0    00001538    000000b0     
                  00001538    00000030     msp432p4xx_driverlib.lib : gpio.o (.const:GPIO_PORT_TO_BASE)
                  00001568    00000028     main.obj (.const:uartConfig)
                  00001590    00000018     main.obj (.const:upConfigA0)
                  000015a8    00000018     main.obj (.const:upConfigA1)
                  000015c0    00000010     main.obj (.const:CCR4Config)
                  000015d0    00000010     main.obj (.const:contmConfig)
                  000015e0    00000008     msp432p4xx_driverlib.lib : interrupt.o (.const:g_pulEnRegs)

.cinit     0    000015e8    00000078     
                  000015e8    0000004f     (.cinit..data.load) [load image, compression = lzss]
                  00001637    00000001     --HOLE-- [fill = 0]
                  00001638    0000000c     (__TI_handler_table)
                  00001644    00000004     --HOLE-- [fill = 0]
                  00001648    00000008     (.cinit..bss.load) [load image, compression = zero_init]
                  00001650    00000010     (__TI_cinit_table)

.init_array 
*          0    00000000    00000000     UNINITIALIZED

.binit     0    00000000    00000000     

.data      0    20000000    00000098     UNINITIALIZED
                  20000000    00000068     main.obj (.data)
                  20000068    00000018     main.obj (.data:pwmConfigLeftMotor)
                  20000080    00000018     main.obj (.data:pwmConfigRightMotor)

.bss       0    20000098    00000004     UNINITIALIZED
                  20000098    00000004     (.common:dist)

.stack     0    2000fe00    00000200     UNINITIALIZED
                  2000fe00    00000004     rtsv7M4_T_le_v4SPD16_eabi.lib : boot_cortex_m.c.obj (.stack)
                  2000fe04    000001fc     --HOLE--

__llvm_prf_cnts 
*          0    20000000    00000000     UNINITIALIZED

MODULE SUMMARY

       Module                        code   ro data   rw data
       ------                        ----   -------   -------
    .\
       main.obj                      2280   120       312    
       system_msp432p401r.obj        120    0         0      
    +--+-----------------------------+------+---------+---------+
       Total:                        2400   120       312    
                                                             
    .\ccs\
       startup_msp432p401r_ccs.obj   14     228       0      
    +--+-----------------------------+------+---------+---------+
       Total:                        14     228       0      
                                                             
    C:/ti/simplelink_msp432p4_sdk_3_40_01_02/source/ti/devices/msp432p4xx/driverlib/ccs/msp432p4xx_driverlib.lib
       timer_a.o                     610    0         0      
       gpio.o                        532    48        0      
       uart.o                        454    0         0      
       interrupt.o                   144    8         0      
       cs.o                          52     0         0      
       cpu.o                         12     0         0      
    +--+-----------------------------+------+---------+---------+
       Total:                        1804   56        0      
                                                             
    C:\ti\ccs1040\ccs\tools\compiler\ti-cgt-arm_20.2.5.LTS\lib\rtsv7M4_T_le_v4SPD16_eabi.lib
       fd_mul_t2.asm.obj             252    0         0      
       memcpy_t2.asm.obj             156    0         0      
       fd_cmp_t2.asm.obj             134    0         0      
       fd_tos_t2.asm.obj             110    0         0      
       copy_decompress_lzss.c.obj    104    0         0      
       autoinit.c.obj                68     0         0      
       fs_tod_t2.asm.obj             56     0         0      
       boot_cortex_m.c.obj           52     0         0      
       copy_zero_init.c.obj          28     0         0      
       copy_decompress_none.c.obj    14     0         0      
       exit.c.obj                    4      0         0      
       pre_init.c.obj                4      0         0      
    +--+-----------------------------+------+---------+---------+
       Total:                        982    0         0      
                                                             
       Stack:                        0      0         1024   
       Linker Generated:             0      115       0      
    +--+-----------------------------+------+---------+---------+
       Grand Total:                  5200   519       1336   


LINKER GENERATED COPY TABLES

__TI_cinit_table @ 00001650 records: 2, size/record: 8, table size: 16
	.data: load addr=000015e8, load size=0000004f bytes, run addr=20000000, run size=00000098 bytes, compression=lzss
	.bss: load addr=00001648, load size=00000008 bytes, run addr=20000098, run size=00000004 bytes, compression=zero_init


LINKER GENERATED HANDLER TABLE

__TI_handler_table @ 00001638 records: 3, size/record: 4, table size: 12
	index: 0, handler: __TI_decompress_lzss
	index: 1, handler: __TI_decompress_none
	index: 2, handler: __TI_zero_init


GLOBAL SYMBOLS: SORTED ALPHABETICALLY BY Name 

address   name                                       
-------   ----                                       
00000de3  ADC14_IRQHandler                           
00000de3  AES256_IRQHandler                          
000014e7  BothMotorForward                           
00000de3  BusFault_Handler                           
00001533  C$$EXIT                                    
000015c0  CCR4Config                                 
00000de3  COMP_E0_IRQHandler                         
00000de3  COMP_E1_IRQHandler                         
000014f3  CPU_cpsie                                  
00000de3  CS_IRQHandler                              
000011d1  CS_setDCOCenteredFrequency                 
00000de3  DMA_ERR_IRQHandler                         
00000de3  DMA_INT0_IRQHandler                        
00000de3  DMA_INT1_IRQHandler                        
00000de3  DMA_INT2_IRQHandler                        
00000de3  DMA_INT3_IRQHandler                        
00000de3  DebugMon_Handler                           
00000de3  Default_Handler                            
00000a75  EUSCIA0_IRQHandler                         
00000a75  EUSCIA0_IRQHandler                         
00000de3  EUSCIA1_IRQHandler                         
00000de3  EUSCIA2_IRQHandler                         
00000de3  EUSCIA3_IRQHandler                         
00000de3  EUSCIB0_IRQHandler                         
00000de3  EUSCIB1_IRQHandler                         
00000de3  EUSCIB2_IRQHandler                         
00000de3  EUSCIB3_IRQHandler                         
00000de3  FLCTL_IRQHandler                           
00000de3  FPU_IRQHandler                             
0000132d  GPIO_clearInterruptFlag                    
000013cd  GPIO_getInterruptStatus                    
00001159  GPIO_setAsOutputPin                        
00000c4d  GPIO_setAsPeripheralModuleFunctionInputPin 
00000cd5  GPIO_setAsPeripheralModuleFunctionOutputPin
00001355  GPIO_setOutputHighOnPin                    
0000137d  GPIO_setOutputLowOnPin                     
000013a5  GPIO_toggleOutputOnPin                     
00000de3  HardFault_Handler                          
00000e69  Interrupt_enableInterrupt                  
000014c9  Interrupt_enableMaster                     
2000002c  KD                                         
20000030  KI                                         
20000028  KP                                         
00000de3  MemManage_Handler                          
00000de3  NMI_Handler                                
00000de3  PCM_IRQHandler                             
0000097d  PORT1_IRQHandler                           
0000097d  PORT1_IRQHandler                           
00000de3  PORT2_IRQHandler                           
00001205  PORT3_IRQHandler                           
00001205  PORT3_IRQHandler                           
00000de3  PORT4_IRQHandler                           
00000de3  PORT5_IRQHandler                           
00000de3  PORT6_IRQHandler                           
00000de3  PSS_IRQHandler                             
00000de3  PendSV_Handler                             
00000de3  RTC_C_IRQHandler                           
000014ff  Reset_Handler                              
00000de3  SVC_Handler                                
00000de3  SysTick_Handler                            
00000ee9  SystemInit                                 
00000de3  T32_INT1_IRQHandler                        
00000de3  T32_INT2_IRQHandler                        
00000de3  T32_INTC_IRQHandler                        
00000de3  TA0_0_IRQHandler                           
00000de3  TA0_N_IRQHandler                           
000003a5  TA1_0_IRQHandler                           
000003a5  TA1_0_IRQHandler                           
00000de3  TA1_N_IRQHandler                           
00000de3  TA2_0_IRQHandler                           
00000de3  TA2_N_IRQHandler                           
00000de3  TA3_0_IRQHandler                           
00000de3  TA3_N_IRQHandler                           
20000024  TARGET                                     
00001301  Timer_A_clearCaptureCompareInterrupt       
00001045  Timer_A_configureUpMode                    
00000f61  Timer_A_generatePWM                        
0000149d  Timer_A_startCounter                       
000012a1  UART_enableInterrupt                       
000014b3  UART_enableModule                          
00000765  UART_initModule                            
000012d1  UART_receiveData                           
00001239  UART_transmitData                          
00000de3  UsageFault_Handler                         
4000480c  WDTCTL_SYM                                 
00000de3  WDT_A_IRQHandler                           
20010000  __STACK_END                                
00000200  __STACK_SIZE                               
00001650  __TI_CINIT_Base                            
00001660  __TI_CINIT_Limit                           
00001638  __TI_Handler_Table_Base                    
00001644  __TI_Handler_Table_Limit                   
00001115  __TI_auto_init_nobinit_nopinit             
000010ad  __TI_decompress_lzss                       
000014d9  __TI_decompress_none                       
ffffffff  __TI_pprof_out_hndl                        
ffffffff  __TI_prof_data_size                        
ffffffff  __TI_prof_data_start                       
00000000  __TI_static_base__                         
00001481  __TI_zero_init_nomemset                    
00000d5d  __aeabi_cdrcmple                           
00000fd5  __aeabi_d2f                                
00000881  __aeabi_dmul                               
00001199  __aeabi_f2d                                
00000b25  __aeabi_memcpy                             
00000b25  __aeabi_memcpy4                            
00000b25  __aeabi_memcpy8                            
ffffffff  __binit__                                  
ffffffff  __c_args__                                 
UNDEFED   __mpu_init                                 
2000fe00  __stack                                    
20000000  __start___llvm_prf_cnts                    
20000000  __stop___llvm_prf_cnts                     
0000126d  _c_int00_noargs                            
UNDEFED   _system_post_cinit                         
0000152f  _system_pre_init                           
00001533  abort                                      
ffffffff  binit                                      
0000150b  bothMotorStop                              
2000001c  carOperation                               
20000020  carOperationNew                            
000015d0  contmConfig                                
20000098  dist                                       
00000000  interruptVectors                           
20000008  leftCounter                                
20000044  leftError                                  
2000004c  leftPrevError                              
2000003c  leftSpeed                                  
20000054  leftSumError                               
20000014  leftTurnNotchMaxCount                      
000000e5  main                                       
00000b25  memcpy                                     
20000004  minDistFromObject                          
000013f1  motorLeftForward                           
00001415  motorLeftStop                              
00001439  motorRightForward                          
0000145d  motorRightStop                             
00001517  motorTurnLeft                              
00001523  motorTurnRight                             
2000005c  pidFlag                                    
20000064  pidLCheck                                  
20000034  pidLeftCounter                             
20000060  pidRCheck                                  
20000038  pidRightCounter                            
20000068  pwmConfigLeftMotor                         
20000080  pwmConfigRightMotor                        
2000000c  rightCounter                               
20000048  rightError                                 
20000050  rightPrevError                             
20000040  rightSpeed                                 
20000058  rightSumError                              
20000010  rightTurnNotchMaxCount                     
00000bc1  setCarDirection                            
00000de5  setCarSpeed                                
20000000  start_pulse                                
20000018  turnLeft                                   
20000019  turnRight                                  
00001568  uartConfig                                 
00001590  upConfigA0                                 
000015a8  upConfigA1                                 


GLOBAL SYMBOLS: SORTED BY Symbol Address 

address   name                                       
-------   ----                                       
00000000  __TI_static_base__                         
00000000  interruptVectors                           
000000e5  main                                       
00000200  __STACK_SIZE                               
000003a5  TA1_0_IRQHandler                           
000003a5  TA1_0_IRQHandler                           
00000765  UART_initModule                            
00000881  __aeabi_dmul                               
0000097d  PORT1_IRQHandler                           
0000097d  PORT1_IRQHandler                           
00000a75  EUSCIA0_IRQHandler                         
00000a75  EUSCIA0_IRQHandler                         
00000b25  __aeabi_memcpy                             
00000b25  __aeabi_memcpy4                            
00000b25  __aeabi_memcpy8                            
00000b25  memcpy                                     
00000bc1  setCarDirection                            
00000c4d  GPIO_setAsPeripheralModuleFunctionInputPin 
00000cd5  GPIO_setAsPeripheralModuleFunctionOutputPin
00000d5d  __aeabi_cdrcmple                           
00000de3  ADC14_IRQHandler                           
00000de3  AES256_IRQHandler                          
00000de3  BusFault_Handler                           
00000de3  COMP_E0_IRQHandler                         
00000de3  COMP_E1_IRQHandler                         
00000de3  CS_IRQHandler                              
00000de3  DMA_ERR_IRQHandler                         
00000de3  DMA_INT0_IRQHandler                        
00000de3  DMA_INT1_IRQHandler                        
00000de3  DMA_INT2_IRQHandler                        
00000de3  DMA_INT3_IRQHandler                        
00000de3  DebugMon_Handler                           
00000de3  Default_Handler                            
00000de3  EUSCIA1_IRQHandler                         
00000de3  EUSCIA2_IRQHandler                         
00000de3  EUSCIA3_IRQHandler                         
00000de3  EUSCIB0_IRQHandler                         
00000de3  EUSCIB1_IRQHandler                         
00000de3  EUSCIB2_IRQHandler                         
00000de3  EUSCIB3_IRQHandler                         
00000de3  FLCTL_IRQHandler                           
00000de3  FPU_IRQHandler                             
00000de3  HardFault_Handler                          
00000de3  MemManage_Handler                          
00000de3  NMI_Handler                                
00000de3  PCM_IRQHandler                             
00000de3  PORT2_IRQHandler                           
00000de3  PORT4_IRQHandler                           
00000de3  PORT5_IRQHandler                           
00000de3  PORT6_IRQHandler                           
00000de3  PSS_IRQHandler                             
00000de3  PendSV_Handler                             
00000de3  RTC_C_IRQHandler                           
00000de3  SVC_Handler                                
00000de3  SysTick_Handler                            
00000de3  T32_INT1_IRQHandler                        
00000de3  T32_INT2_IRQHandler                        
00000de3  T32_INTC_IRQHandler                        
00000de3  TA0_0_IRQHandler                           
00000de3  TA0_N_IRQHandler                           
00000de3  TA1_N_IRQHandler                           
00000de3  TA2_0_IRQHandler                           
00000de3  TA2_N_IRQHandler                           
00000de3  TA3_0_IRQHandler                           
00000de3  TA3_N_IRQHandler                           
00000de3  UsageFault_Handler                         
00000de3  WDT_A_IRQHandler                           
00000de5  setCarSpeed                                
00000e69  Interrupt_enableInterrupt                  
00000ee9  SystemInit                                 
00000f61  Timer_A_generatePWM                        
00000fd5  __aeabi_d2f                                
00001045  Timer_A_configureUpMode                    
000010ad  __TI_decompress_lzss                       
00001115  __TI_auto_init_nobinit_nopinit             
00001159  GPIO_setAsOutputPin                        
00001199  __aeabi_f2d                                
000011d1  CS_setDCOCenteredFrequency                 
00001205  PORT3_IRQHandler                           
00001205  PORT3_IRQHandler                           
00001239  UART_transmitData                          
0000126d  _c_int00_noargs                            
000012a1  UART_enableInterrupt                       
000012d1  UART_receiveData                           
00001301  Timer_A_clearCaptureCompareInterrupt       
0000132d  GPIO_clearInterruptFlag                    
00001355  GPIO_setOutputHighOnPin                    
0000137d  GPIO_setOutputLowOnPin                     
000013a5  GPIO_toggleOutputOnPin                     
000013cd  GPIO_getInterruptStatus                    
000013f1  motorLeftForward                           
00001415  motorLeftStop                              
00001439  motorRightForward                          
0000145d  motorRightStop                             
00001481  __TI_zero_init_nomemset                    
0000149d  Timer_A_startCounter                       
000014b3  UART_enableModule                          
000014c9  Interrupt_enableMaster                     
000014d9  __TI_decompress_none                       
000014e7  BothMotorForward                           
000014f3  CPU_cpsie                                  
000014ff  Reset_Handler                              
0000150b  bothMotorStop                              
00001517  motorTurnLeft                              
00001523  motorTurnRight                             
0000152f  _system_pre_init                           
00001533  C$$EXIT                                    
00001533  abort                                      
00001568  uartConfig                                 
00001590  upConfigA0                                 
000015a8  upConfigA1                                 
000015c0  CCR4Config                                 
000015d0  contmConfig                                
00001638  __TI_Handler_Table_Base                    
00001644  __TI_Handler_Table_Limit                   
00001650  __TI_CINIT_Base                            
00001660  __TI_CINIT_Limit                           
20000000  __start___llvm_prf_cnts                    
20000000  __stop___llvm_prf_cnts                     
20000000  start_pulse                                
20000004  minDistFromObject                          
20000008  leftCounter                                
2000000c  rightCounter                               
20000010  rightTurnNotchMaxCount                     
20000014  leftTurnNotchMaxCount                      
20000018  turnLeft                                   
20000019  turnRight                                  
2000001c  carOperation                               
20000020  carOperationNew                            
20000024  TARGET                                     
20000028  KP                                         
2000002c  KD                                         
20000030  KI                                         
20000034  pidLeftCounter                             
20000038  pidRightCounter                            
2000003c  leftSpeed                                  
20000040  rightSpeed                                 
20000044  leftError                                  
20000048  rightError                                 
2000004c  leftPrevError                              
20000050  rightPrevError                             
20000054  leftSumError                               
20000058  rightSumError                              
2000005c  pidFlag                                    
20000060  pidRCheck                                  
20000064  pidLCheck                                  
20000068  pwmConfigLeftMotor                         
20000080  pwmConfigRightMotor                        
20000098  dist                                       
2000fe00  __stack                                    
20010000  __STACK_END                                
4000480c  WDTCTL_SYM                                 
ffffffff  __TI_pprof_out_hndl                        
ffffffff  __TI_prof_data_size                        
ffffffff  __TI_prof_data_start                       
ffffffff  __binit__                                  
ffffffff  __c_args__                                 
ffffffff  binit                                      
UNDEFED   __mpu_init                                 
UNDEFED   _system_post_cinit                         

[160 symbols]
